2025-06-12 01:59:03,731 INFO: PyDraw startup [in /app/config.py:67]
2025-06-12 03:01:01,868 INFO: PyDraw startup [in /app/config.py:67]
2025-06-12 03:01:01,868 INFO: PyDraw startup [in /app/config.py:67]
2025-06-12 03:01:01,869 INFO: PyDraw startup [in /app/config.py:67]
2025-06-12 03:01:01,907 INFO: PyDraw startup [in /app/config.py:67]
2025-06-12 03:18:19,559 INFO: PyDraw startup [in /app/config.py:67]
2025-06-12 03:18:19,719 INFO: PyDraw startup [in /app/config.py:67]
2025-06-12 03:18:19,752 INFO: PyDraw startup [in /app/config.py:67]
2025-06-12 03:18:19,884 INFO: PyDraw startup [in /app/config.py:67]
2025-06-12 05:43:00,528 INFO: PyDraw startup [in /app/config.py:67]
2025-06-12 05:43:00,604 INFO: PyDraw startup [in /app/config.py:67]
2025-06-12 05:43:00,716 INFO: PyDraw startup [in /app/config.py:67]
2025-06-12 05:43:00,753 INFO: PyDraw startup [in /app/config.py:67]
2025-06-12 06:03:54,386 INFO: PyDraw startup [in /app/config.py:67]
2025-06-12 06:03:54,389 INFO: PyDraw startup [in /app/config.py:67]
2025-06-12 06:03:54,451 INFO: PyDraw startup [in /app/config.py:67]
2025-06-12 06:03:54,574 INFO: PyDraw startup [in /app/config.py:67]
2025-06-12 08:30:02,419 INFO: PyDraw startup [in /app/config.py:67]
2025-06-12 08:30:02,454 INFO: PyDraw startup [in /app/config.py:67]
2025-06-12 08:30:02,508 INFO: PyDraw startup [in /app/config.py:67]
2025-06-12 08:30:02,573 INFO: PyDraw startup [in /app/config.py:67]
2025-06-12 09:48:57,782 INFO: PyDraw startup [in /app/config.py:67]
2025-06-12 09:48:57,786 INFO: PyDraw startup [in /app/config.py:67]
2025-06-12 09:48:57,809 INFO: PyDraw startup [in /app/config.py:67]
2025-06-12 09:48:57,836 INFO: PyDraw startup [in /app/config.py:67]
2025-06-12 10:53:40,211 INFO: PyDraw startup [in /app/config.py:67]
2025-06-12 10:53:40,240 INFO: PyDraw startup [in /app/config.py:67]
2025-06-12 10:53:40,256 INFO: PyDraw startup [in /app/config.py:67]
2025-06-12 10:53:40,285 INFO: PyDraw startup [in /app/config.py:67]
2025-06-12 12:49:31,133 INFO: PyDraw startup [in /app/config.py:67]
2025-06-12 12:49:31,204 INFO: PyDraw startup [in /app/config.py:67]
2025-06-12 12:49:31,242 INFO: PyDraw startup [in /app/config.py:67]
2025-06-12 12:49:31,296 INFO: PyDraw startup [in /app/config.py:67]
2025-06-12 13:50:04,954 INFO: PyDraw startup [in /app/config.py:67]
2025-06-12 13:50:05,130 INFO: PyDraw startup [in /app/config.py:67]
2025-06-12 13:50:05,130 INFO: PyDraw startup [in /app/config.py:67]
2025-06-12 13:50:05,131 INFO: PyDraw startup [in /app/config.py:67]
2025-06-13 13:39:49,040 INFO: PyDraw startup [in /app/config.py:67]
2025-06-13 13:39:49,041 INFO: PyDraw startup [in /app/config.py:67]
2025-06-13 13:39:49,040 INFO: PyDraw startup [in /app/config.py:67]
2025-06-17 16:56:54,733 INFO: PyDraw startup [in /app/config.py:67]
2025-06-17 16:56:54,733 INFO: PyDraw startup [in /app/config.py:67]
2025-06-17 16:56:54,736 INFO: PyDraw startup [in /app/config.py:67]
2025-06-17 16:56:54,736 INFO: PyDraw startup [in /app/config.py:67]
2025-06-17 16:58:13,559 INFO: PyDraw startup [in /app/config.py:67]
2025-06-17 16:58:13,583 INFO: PyDraw startup [in /app/config.py:67]
2025-06-17 16:58:13,608 INFO: PyDraw startup [in /app/config.py:67]
2025-06-17 16:58:13,657 INFO: PyDraw startup [in /app/config.py:67]
2025-06-17 16:59:02,781 INFO: PyDraw startup [in /app/config.py:67]
2025-06-17 16:59:02,827 INFO: PyDraw startup [in /app/config.py:67]
2025-06-17 16:59:02,903 INFO: PyDraw startup [in /app/config.py:67]
2025-06-17 16:59:02,944 INFO: PyDraw startup [in /app/config.py:67]
2025-06-17 17:00:05,455 INFO: PyDraw startup [in /app/config.py:67]
2025-06-17 17:00:05,513 INFO: PyDraw startup [in /app/config.py:67]
2025-06-17 17:00:05,562 INFO: PyDraw startup [in /app/config.py:67]
2025-06-17 17:00:05,648 INFO: PyDraw startup [in /app/config.py:67]
2025-06-17 17:00:29,413 INFO: Running diagram code in: /tmp/diagrams_webui [in /app/app.py:140]
2025-06-17 17:00:29,414 INFO: Expected output file: /tmp/diagrams_webui/Simple_Web_Service.png [in /app/app.py:141]
2025-06-17 17:00:30,283 INFO: Found PNG files: ['/tmp/diagrams_webui/Simple Web Service.png'] [in /app/app.py:154]
2025-07-01 16:51:53,703 INFO: PyDraw startup [in /Users/matthewcascio/Library/CloudStorage/GoogleDrive-matt@webbynumbers.com/My Drive/!!NāOM Lab/Gits/pydraw/config.py:67]
2025-07-01 16:53:40,240 INFO: PyDraw startup [in /Users/matthewcascio/Library/CloudStorage/GoogleDrive-matt@webbynumbers.com/My Drive/!!NāOM Lab/Gits/pydraw/config.py:67]
2025-07-01 16:53:57,137 INFO: Running diagram code in: /tmp/diagrams_webui [in /Users/matthewcascio/Library/CloudStorage/GoogleDrive-matt@webbynumbers.com/My Drive/!!NāOM Lab/Gits/pydraw/app.py:140]
2025-07-01 16:53:57,137 INFO: Expected output file: /tmp/diagrams_webui/Message_Collecting.png [in /Users/matthewcascio/Library/CloudStorage/GoogleDrive-matt@webbynumbers.com/My Drive/!!NāOM Lab/Gits/pydraw/app.py:141]
2025-07-01 16:53:59,228 INFO: Found PNG files: ['/tmp/diagrams_webui/Message Collecting.png'] [in /Users/matthewcascio/Library/CloudStorage/GoogleDrive-matt@webbynumbers.com/My Drive/!!NāOM Lab/Gits/pydraw/app.py:154]
2025-07-01 16:59:40,269 INFO: Cleanup: Removed 1 old diagram files [in /Users/matthewcascio/Library/CloudStorage/GoogleDrive-matt@webbynumbers.com/My Drive/!!NāOM Lab/Gits/pydraw/config.py:84]
